// Jest Snapshot v1, https://goo.gl/fbAQLP

exports[`Component should match snapshot 1`] = `
<DocumentFragment>
  <div
    class="picker-component"
    data-testid="picker-component"
  >
    <div
      class="list-container"
    >
      <ul
        class="picker-list"
      >
        <li
          class="picker-item"
          data-model-id="1"
          data-testid="picker-item"
        >
          fellow
        </li>
        <li
          class="picker-item"
          data-model-id="2"
          data-testid="picker-item"
        >
          property
        </li>
        <li
          class="picker-item"
          data-model-id="3"
          data-testid="picker-item"
        >
          yet
        </li>
        <li
          class="picker-item"
          data-model-id="4"
          data-testid="picker-item"
        >
          article
        </li>
        <li
          class="picker-item"
          data-model-id="5"
          data-testid="picker-item"
        >
          held
        </li>
        <li
          class="picker-item"
          data-model-id="6"
          data-testid="picker-item"
        >
          transportation
        </li>
        <li
          class="picker-item"
          data-model-id="7"
          data-testid="picker-item"
        >
          scene
        </li>
        <li
          class="picker-item"
          data-model-id="8"
          data-testid="picker-item"
        >
          current
        </li>
        <li
          class="picker-item"
          data-model-id="9"
          data-testid="picker-item"
        >
          life
        </li>
        <li
          class="picker-item"
          data-model-id="10"
          data-testid="picker-item"
        >
          printed
        </li>
      </ul>
    </div>
  </div>
</DocumentFragment>
`;
