// Jest Snapshot v1, https://goo.gl/fbAQLP

exports[`should render the login mode 1`] = `[Function]`;

exports[`should render the login mode 2`] = `
<div
  id="modal-root"
>
  <div
    class="login-container"
  >
    <div
      class="login-form"
    >
      <h1
        class="login-header"
      >
        Please Log In
      </h1>
      <div
        class="info"
      >
        <div
          class="labeled-input"
          data-modelname="login"
          data-targetfield="username"
        >
          <label
            for="login-username-isNew"
          >
            User Name
          </label>
          <input
            id="login-username-isNew"
            name="username"
            type="text"
            value=""
          />
        </div>
        <div
          class="labeled-input"
          data-modelname="login"
          data-targetfield="password"
        >
          <label
            for="login-password-isNew"
          >
            Password
          </label>
          <input
            id="login-password-isNew"
            name="password"
            type="password"
            value=""
          />
          <input
            class="toggle"
            data-hidden="true"
            type="button"
            value="Show"
          />
        </div>
      </div>
      <div
        class="controls"
      >
        <button
          class="clear btn"
        >
          Clear All Fields
        </button>
        <button
          class="login btn"
          disabled=""
        >
           
          Login
        </button>
      </div>
    </div>
  </div>
</div>
`;
