// Jest Snapshot v1, https://jestjs.io/docs/snapshot-testing

exports[`Component should match snapshot 1`] = `
<DocumentFragment>
  <div
    class="list-component"
    data-testid="artist-list-component"
  >
    <div
      class="list-controls"
    >
      <button
        class="btn"
      >
        New
      </button>
      <div
        class="title"
      >
        Artists
      </div>
      <button
        class="btn"
      >
        Refresh
      </button>
    </div>
    <div
      class="artist-list-container list-container"
    >
      <ul
        class="artist-list card-list"
      >
        <li
          class="card"
          data-testid="artist-list-card"
        >
          <div
            class="header"
          >
            Artist
          </div>
          <div
            class="name"
          >
            4 Non Blondes
          </div>
          <div
            class="details"
          />
        </li>
        <li
          class="card"
          data-testid="artist-list-card"
        >
          <div
            class="header"
          >
            Artist
          </div>
          <div
            class="name"
          >
            AC/DC
          </div>
          <div
            class="details"
          />
        </li>
        <li
          class="card"
          data-testid="artist-list-card"
        >
          <div
            class="header"
          >
            Artist
          </div>
          <div
            class="name"
          >
            Aretha Franklin
          </div>
          <div
            class="details"
          />
        </li>
        <li
          class="card"
          data-testid="artist-list-card"
        >
          <div
            class="header"
          >
            Artist
          </div>
          <div
            class="name"
          >
            Aerosmith
          </div>
          <div
            class="details"
          />
        </li>
        <li
          class="card"
          data-testid="artist-list-card"
        >
          <div
            class="header"
          >
            Artist
          </div>
          <div
            class="name"
          >
            Al Green
          </div>
          <div
            class="details"
          />
        </li>
        <li
          class="card"
          data-testid="artist-list-card"
        >
          <div
            class="header"
          >
            Artist
          </div>
          <div
            class="name"
          >
            Alanis Morisette
          </div>
          <div
            class="details"
          />
        </li>
        <li
          class="card"
          data-testid="artist-list-card"
        >
          <div
            class="header"
          >
            Artist
          </div>
          <div
            class="name"
          >
            B.B. King
          </div>
          <div
            class="details"
          />
        </li>
        <li
          class="card"
          data-testid="artist-list-card"
        >
          <div
            class="header"
          >
            Artist
          </div>
          <div
            class="name"
          >
            Beatles
          </div>
          <div
            class="details"
          />
        </li>
        <li
          class="card"
          data-testid="artist-list-card"
        >
          <div
            class="header"
          >
            Artist
          </div>
          <div
            class="name"
          >
            Bee Gees
          </div>
          <div
            class="details"
          />
        </li>
        <li
          class="card"
          data-testid="artist-list-card"
        >
          <div
            class="header"
          >
            Artist
          </div>
          <div
            class="name"
          >
            Ben E. King
          </div>
          <div
            class="details"
          />
        </li>
      </ul>
    </div>
  </div>
</DocumentFragment>
`;
