// Jest Snapshot v1, https://jestjs.io/docs/snapshot-testing

exports[`Component should match snapshot 1`] = `
<DocumentFragment>
  <div
    class="list-component"
    data-testid="artist-list-component"
  >
    <div
      class="list-controls"
    >
      <button
        class="button button__secondary"
        type="button"
      >
        New Artist
      </button>
      <div
        class="title"
      >
        Artists
      </div>
      <button
        class="button button__secondary"
        type="button"
      >
        Refresh
      </button>
      <dialog
        class="artist-form"
        closedby="any"
      >
        <div
          class="dialog-layout"
        >
          <header
            class="dialog-layout__header"
          >
            <h3>
              Artist Editor
            </h3>
            <button
              class="close-button"
              data-testid="close-button"
              type="button"
            >
              <i
                class="fa-regular fa-circle-xmark"
              />
            </button>
          </header>
          <div
            class="dialog-layout__content"
          >
            <form
              class="artist-form__form"
              data-testid="artist-form-form"
            >
              <div
                class="info"
              >
                <div
                  class="labeled-input"
                >
                  <label
                    class="labeled-input__label"
                    for="name"
                  >
                    Artist Name
                  </label>
                  <input
                    autocomplete="artist-name"
                    class="text-input undefined"
                    id="name"
                    name="name"
                  />
                </div>
              </div>
              <div
                class="controls"
              >
                <button
                  class="clear button button__secondary"
                  type="reset"
                >
                  Clear Form
                </button>
                <button
                  class="login button button__primary"
                  disabled=""
                  type="submit"
                >
                  Save
                </button>
              </div>
            </form>
          </div>
        </div>
      </dialog>
    </div>
    <div
      class="artist-list-container list-container"
    >
      <ul
        class="artist-list card-list"
      >
        <li
          class="card"
          data-testid="artist-list-card"
        >
          <div
            class="header"
          >
            Artist
          </div>
          <div
            class="name"
          >
            4 Non Blondes
          </div>
          <div
            class="details"
          />
          <dialog
            class="artist-form"
            closedby="any"
          >
            <div
              class="dialog-layout"
            >
              <header
                class="dialog-layout__header"
              >
                <h3>
                  Artist Editor
                </h3>
                <button
                  class="close-button"
                  data-testid="close-button"
                  type="button"
                >
                  <i
                    class="fa-regular fa-circle-xmark"
                  />
                </button>
              </header>
              <div
                class="dialog-layout__content"
              >
                <form
                  class="artist-form__form"
                  data-testid="artist-form-form"
                >
                  <div
                    class="info"
                  >
                    <div
                      class="labeled-input"
                    >
                      <label
                        class="labeled-input__label"
                        for="name"
                      >
                        Artist Name
                      </label>
                      <input
                        autocomplete="artist-name"
                        class="text-input undefined"
                        id="name"
                        name="name"
                        value="4 Non Blondes"
                      />
                    </div>
                  </div>
                  <div
                    class="controls"
                  >
                    <button
                      class="clear button button__secondary"
                      type="reset"
                    >
                      Clear Form
                    </button>
                    <button
                      class="login button button__primary"
                      disabled=""
                      type="submit"
                    >
                      Save
                    </button>
                  </div>
                </form>
              </div>
            </div>
          </dialog>
        </li>
        <li
          class="card"
          data-testid="artist-list-card"
        >
          <div
            class="header"
          >
            Artist
          </div>
          <div
            class="name"
          >
            AC/DC
          </div>
          <div
            class="details"
          />
          <dialog
            class="artist-form"
            closedby="any"
          >
            <div
              class="dialog-layout"
            >
              <header
                class="dialog-layout__header"
              >
                <h3>
                  Artist Editor
                </h3>
                <button
                  class="close-button"
                  data-testid="close-button"
                  type="button"
                >
                  <i
                    class="fa-regular fa-circle-xmark"
                  />
                </button>
              </header>
              <div
                class="dialog-layout__content"
              >
                <form
                  class="artist-form__form"
                  data-testid="artist-form-form"
                >
                  <div
                    class="info"
                  >
                    <div
                      class="labeled-input"
                    >
                      <label
                        class="labeled-input__label"
                        for="name"
                      >
                        Artist Name
                      </label>
                      <input
                        autocomplete="artist-name"
                        class="text-input undefined"
                        id="name"
                        name="name"
                        value="AC/DC"
                      />
                    </div>
                  </div>
                  <div
                    class="controls"
                  >
                    <button
                      class="clear button button__secondary"
                      type="reset"
                    >
                      Clear Form
                    </button>
                    <button
                      class="login button button__primary"
                      disabled=""
                      type="submit"
                    >
                      Save
                    </button>
                  </div>
                </form>
              </div>
            </div>
          </dialog>
        </li>
        <li
          class="card"
          data-testid="artist-list-card"
        >
          <div
            class="header"
          >
            Artist
          </div>
          <div
            class="name"
          >
            Aretha Franklin
          </div>
          <div
            class="details"
          />
          <dialog
            class="artist-form"
            closedby="any"
          >
            <div
              class="dialog-layout"
            >
              <header
                class="dialog-layout__header"
              >
                <h3>
                  Artist Editor
                </h3>
                <button
                  class="close-button"
                  data-testid="close-button"
                  type="button"
                >
                  <i
                    class="fa-regular fa-circle-xmark"
                  />
                </button>
              </header>
              <div
                class="dialog-layout__content"
              >
                <form
                  class="artist-form__form"
                  data-testid="artist-form-form"
                >
                  <div
                    class="info"
                  >
                    <div
                      class="labeled-input"
                    >
                      <label
                        class="labeled-input__label"
                        for="name"
                      >
                        Artist Name
                      </label>
                      <input
                        autocomplete="artist-name"
                        class="text-input undefined"
                        id="name"
                        name="name"
                        value="Aretha Franklin"
                      />
                    </div>
                  </div>
                  <div
                    class="controls"
                  >
                    <button
                      class="clear button button__secondary"
                      type="reset"
                    >
                      Clear Form
                    </button>
                    <button
                      class="login button button__primary"
                      disabled=""
                      type="submit"
                    >
                      Save
                    </button>
                  </div>
                </form>
              </div>
            </div>
          </dialog>
        </li>
        <li
          class="card"
          data-testid="artist-list-card"
        >
          <div
            class="header"
          >
            Artist
          </div>
          <div
            class="name"
          >
            Aerosmith
          </div>
          <div
            class="details"
          />
          <dialog
            class="artist-form"
            closedby="any"
          >
            <div
              class="dialog-layout"
            >
              <header
                class="dialog-layout__header"
              >
                <h3>
                  Artist Editor
                </h3>
                <button
                  class="close-button"
                  data-testid="close-button"
                  type="button"
                >
                  <i
                    class="fa-regular fa-circle-xmark"
                  />
                </button>
              </header>
              <div
                class="dialog-layout__content"
              >
                <form
                  class="artist-form__form"
                  data-testid="artist-form-form"
                >
                  <div
                    class="info"
                  >
                    <div
                      class="labeled-input"
                    >
                      <label
                        class="labeled-input__label"
                        for="name"
                      >
                        Artist Name
                      </label>
                      <input
                        autocomplete="artist-name"
                        class="text-input undefined"
                        id="name"
                        name="name"
                        value="Aerosmith"
                      />
                    </div>
                  </div>
                  <div
                    class="controls"
                  >
                    <button
                      class="clear button button__secondary"
                      type="reset"
                    >
                      Clear Form
                    </button>
                    <button
                      class="login button button__primary"
                      disabled=""
                      type="submit"
                    >
                      Save
                    </button>
                  </div>
                </form>
              </div>
            </div>
          </dialog>
        </li>
        <li
          class="card"
          data-testid="artist-list-card"
        >
          <div
            class="header"
          >
            Artist
          </div>
          <div
            class="name"
          >
            Al Green
          </div>
          <div
            class="details"
          />
          <dialog
            class="artist-form"
            closedby="any"
          >
            <div
              class="dialog-layout"
            >
              <header
                class="dialog-layout__header"
              >
                <h3>
                  Artist Editor
                </h3>
                <button
                  class="close-button"
                  data-testid="close-button"
                  type="button"
                >
                  <i
                    class="fa-regular fa-circle-xmark"
                  />
                </button>
              </header>
              <div
                class="dialog-layout__content"
              >
                <form
                  class="artist-form__form"
                  data-testid="artist-form-form"
                >
                  <div
                    class="info"
                  >
                    <div
                      class="labeled-input"
                    >
                      <label
                        class="labeled-input__label"
                        for="name"
                      >
                        Artist Name
                      </label>
                      <input
                        autocomplete="artist-name"
                        class="text-input undefined"
                        id="name"
                        name="name"
                        value="Al Green"
                      />
                    </div>
                  </div>
                  <div
                    class="controls"
                  >
                    <button
                      class="clear button button__secondary"
                      type="reset"
                    >
                      Clear Form
                    </button>
                    <button
                      class="login button button__primary"
                      disabled=""
                      type="submit"
                    >
                      Save
                    </button>
                  </div>
                </form>
              </div>
            </div>
          </dialog>
        </li>
        <li
          class="card"
          data-testid="artist-list-card"
        >
          <div
            class="header"
          >
            Artist
          </div>
          <div
            class="name"
          >
            Alanis Morisette
          </div>
          <div
            class="details"
          />
          <dialog
            class="artist-form"
            closedby="any"
          >
            <div
              class="dialog-layout"
            >
              <header
                class="dialog-layout__header"
              >
                <h3>
                  Artist Editor
                </h3>
                <button
                  class="close-button"
                  data-testid="close-button"
                  type="button"
                >
                  <i
                    class="fa-regular fa-circle-xmark"
                  />
                </button>
              </header>
              <div
                class="dialog-layout__content"
              >
                <form
                  class="artist-form__form"
                  data-testid="artist-form-form"
                >
                  <div
                    class="info"
                  >
                    <div
                      class="labeled-input"
                    >
                      <label
                        class="labeled-input__label"
                        for="name"
                      >
                        Artist Name
                      </label>
                      <input
                        autocomplete="artist-name"
                        class="text-input undefined"
                        id="name"
                        name="name"
                        value="Alanis Morisette"
                      />
                    </div>
                  </div>
                  <div
                    class="controls"
                  >
                    <button
                      class="clear button button__secondary"
                      type="reset"
                    >
                      Clear Form
                    </button>
                    <button
                      class="login button button__primary"
                      disabled=""
                      type="submit"
                    >
                      Save
                    </button>
                  </div>
                </form>
              </div>
            </div>
          </dialog>
        </li>
        <li
          class="card"
          data-testid="artist-list-card"
        >
          <div
            class="header"
          >
            Artist
          </div>
          <div
            class="name"
          >
            B.B. King
          </div>
          <div
            class="details"
          />
          <dialog
            class="artist-form"
            closedby="any"
          >
            <div
              class="dialog-layout"
            >
              <header
                class="dialog-layout__header"
              >
                <h3>
                  Artist Editor
                </h3>
                <button
                  class="close-button"
                  data-testid="close-button"
                  type="button"
                >
                  <i
                    class="fa-regular fa-circle-xmark"
                  />
                </button>
              </header>
              <div
                class="dialog-layout__content"
              >
                <form
                  class="artist-form__form"
                  data-testid="artist-form-form"
                >
                  <div
                    class="info"
                  >
                    <div
                      class="labeled-input"
                    >
                      <label
                        class="labeled-input__label"
                        for="name"
                      >
                        Artist Name
                      </label>
                      <input
                        autocomplete="artist-name"
                        class="text-input undefined"
                        id="name"
                        name="name"
                        value="B.B. King"
                      />
                    </div>
                  </div>
                  <div
                    class="controls"
                  >
                    <button
                      class="clear button button__secondary"
                      type="reset"
                    >
                      Clear Form
                    </button>
                    <button
                      class="login button button__primary"
                      disabled=""
                      type="submit"
                    >
                      Save
                    </button>
                  </div>
                </form>
              </div>
            </div>
          </dialog>
        </li>
        <li
          class="card"
          data-testid="artist-list-card"
        >
          <div
            class="header"
          >
            Artist
          </div>
          <div
            class="name"
          >
            Beatles
          </div>
          <div
            class="details"
          />
          <dialog
            class="artist-form"
            closedby="any"
          >
            <div
              class="dialog-layout"
            >
              <header
                class="dialog-layout__header"
              >
                <h3>
                  Artist Editor
                </h3>
                <button
                  class="close-button"
                  data-testid="close-button"
                  type="button"
                >
                  <i
                    class="fa-regular fa-circle-xmark"
                  />
                </button>
              </header>
              <div
                class="dialog-layout__content"
              >
                <form
                  class="artist-form__form"
                  data-testid="artist-form-form"
                >
                  <div
                    class="info"
                  >
                    <div
                      class="labeled-input"
                    >
                      <label
                        class="labeled-input__label"
                        for="name"
                      >
                        Artist Name
                      </label>
                      <input
                        autocomplete="artist-name"
                        class="text-input undefined"
                        id="name"
                        name="name"
                        value="Beatles"
                      />
                    </div>
                  </div>
                  <div
                    class="controls"
                  >
                    <button
                      class="clear button button__secondary"
                      type="reset"
                    >
                      Clear Form
                    </button>
                    <button
                      class="login button button__primary"
                      disabled=""
                      type="submit"
                    >
                      Save
                    </button>
                  </div>
                </form>
              </div>
            </div>
          </dialog>
        </li>
        <li
          class="card"
          data-testid="artist-list-card"
        >
          <div
            class="header"
          >
            Artist
          </div>
          <div
            class="name"
          >
            Bee Gees
          </div>
          <div
            class="details"
          />
          <dialog
            class="artist-form"
            closedby="any"
          >
            <div
              class="dialog-layout"
            >
              <header
                class="dialog-layout__header"
              >
                <h3>
                  Artist Editor
                </h3>
                <button
                  class="close-button"
                  data-testid="close-button"
                  type="button"
                >
                  <i
                    class="fa-regular fa-circle-xmark"
                  />
                </button>
              </header>
              <div
                class="dialog-layout__content"
              >
                <form
                  class="artist-form__form"
                  data-testid="artist-form-form"
                >
                  <div
                    class="info"
                  >
                    <div
                      class="labeled-input"
                    >
                      <label
                        class="labeled-input__label"
                        for="name"
                      >
                        Artist Name
                      </label>
                      <input
                        autocomplete="artist-name"
                        class="text-input undefined"
                        id="name"
                        name="name"
                        value="Bee Gees"
                      />
                    </div>
                  </div>
                  <div
                    class="controls"
                  >
                    <button
                      class="clear button button__secondary"
                      type="reset"
                    >
                      Clear Form
                    </button>
                    <button
                      class="login button button__primary"
                      disabled=""
                      type="submit"
                    >
                      Save
                    </button>
                  </div>
                </form>
              </div>
            </div>
          </dialog>
        </li>
        <li
          class="card"
          data-testid="artist-list-card"
        >
          <div
            class="header"
          >
            Artist
          </div>
          <div
            class="name"
          >
            Ben E. King
          </div>
          <div
            class="details"
          />
          <dialog
            class="artist-form"
            closedby="any"
          >
            <div
              class="dialog-layout"
            >
              <header
                class="dialog-layout__header"
              >
                <h3>
                  Artist Editor
                </h3>
                <button
                  class="close-button"
                  data-testid="close-button"
                  type="button"
                >
                  <i
                    class="fa-regular fa-circle-xmark"
                  />
                </button>
              </header>
              <div
                class="dialog-layout__content"
              >
                <form
                  class="artist-form__form"
                  data-testid="artist-form-form"
                >
                  <div
                    class="info"
                  >
                    <div
                      class="labeled-input"
                    >
                      <label
                        class="labeled-input__label"
                        for="name"
                      >
                        Artist Name
                      </label>
                      <input
                        autocomplete="artist-name"
                        class="text-input undefined"
                        id="name"
                        name="name"
                        value="Ben E. King"
                      />
                    </div>
                  </div>
                  <div
                    class="controls"
                  >
                    <button
                      class="clear button button__secondary"
                      type="reset"
                    >
                      Clear Form
                    </button>
                    <button
                      class="login button button__primary"
                      disabled=""
                      type="submit"
                    >
                      Save
                    </button>
                  </div>
                </form>
              </div>
            </div>
          </dialog>
        </li>
      </ul>
    </div>
  </div>
</DocumentFragment>
`;
