// Jest Snapshot v1, https://jestjs.io/docs/snapshot-testing

exports[`Component should match snapshot 1`] = `
<DocumentFragment>
  <div
    class="list-component"
    data-testid="song-list-component"
  >
    <div
      class="list-controls"
    >
      <button
        class="btn"
      >
        New
      </button>
      <div
        class="title"
      >
        Songs
      </div>
      <button
        class="btn"
      >
        Refresh
      </button>
    </div>
    <div
      class="song-list-container list-container"
    >
      <ul
        class="song-list card-list"
      >
        <li
          class="card"
          data-testid="song-list-card"
        >
          <div
            class="header"
          >
            Song
          </div>
          <div
            class="name"
          >
            Whats Up
          </div>
          <div
            class="details"
          >
            <div
              class="label"
            >
              Artist
            </div>
            <div
              class="text"
            >
              4 Non Blondes
            </div>
            <div
              class="label"
            >
              Key
            </div>
            <div
              class="text"
            >
              A
            </div>
            <div
              class="label"
            >
              Tempo
            </div>
            <div
              class="text"
            >
              60
            </div>
            <div
              class="label"
            >
              Lyrics
            </div>
            <div
              class="long-text"
            >
              <pre>
                Enim et qui esse aliquip aliqua minim cillum in enim consequat.
              </pre>
            </div>
          </div>
        </li>
        <li
          class="card"
          data-testid="song-list-card"
        >
          <div
            class="header"
          >
            Song
          </div>
          <div
            class="name"
          >
            Back In Black
          </div>
          <div
            class="details"
          >
            <div
              class="label"
            >
              Artist
            </div>
            <div
              class="text"
            >
              AC/DC
            </div>
            <div
              class="label"
            >
              Key
            </div>
            <div
              class="text"
            >
              A#
            </div>
            <div
              class="label"
            >
              Tempo
            </div>
            <div
              class="text"
            >
              80
            </div>
            <div
              class="label"
            >
              Lyrics
            </div>
            <div
              class="long-text"
            >
              <pre>
                Incididunt nulla enim dolore voluptate veniam est enim in ullamco magna et est ad.
              </pre>
            </div>
          </div>
        </li>
        <li
          class="card"
          data-testid="song-list-card"
        >
          <div
            class="header"
          >
            Song
          </div>
          <div
            class="name"
          >
            Chain of Fools
          </div>
          <div
            class="details"
          >
            <div
              class="label"
            >
              Artist
            </div>
            <div
              class="text"
            >
              Aretha Franklin
            </div>
            <div
              class="label"
            >
              Key
            </div>
            <div
              class="text"
            >
              Ab
            </div>
            <div
              class="label"
            >
              Tempo
            </div>
            <div
              class="text"
            >
              100
            </div>
            <div
              class="label"
            >
              Lyrics
            </div>
            <div
              class="long-text"
            >
              <pre>
                Sunt eu voluptate laboris exercitation sit non in dolore amet laborum Lorem mollit.
              </pre>
            </div>
          </div>
        </li>
        <li
          class="card"
          data-testid="song-list-card"
        >
          <div
            class="header"
          >
            Song
          </div>
          <div
            class="name"
          >
            Walk This Way
          </div>
          <div
            class="details"
          >
            <div
              class="label"
            >
              Artist
            </div>
            <div
              class="text"
            >
              Aerosmith
            </div>
            <div
              class="label"
            >
              Key
            </div>
            <div
              class="text"
            >
              Am
            </div>
            <div
              class="label"
            >
              Tempo
            </div>
            <div
              class="text"
            >
              120
            </div>
            <div
              class="label"
            >
              Lyrics
            </div>
            <div
              class="long-text"
            >
              <pre>
                Deserunt in tempor in cupidatat commodo quis aliquip ex id elit occaecat irure adipisicing est.
              </pre>
            </div>
          </div>
        </li>
        <li
          class="card"
          data-testid="song-list-card"
        >
          <div
            class="header"
          >
            Song
          </div>
          <div
            class="name"
          >
            Lets Stay Together
          </div>
          <div
            class="details"
          >
            <div
              class="label"
            >
              Artist
            </div>
            <div
              class="text"
            >
              Al Green
            </div>
            <div
              class="label"
            >
              Key
            </div>
            <div
              class="text"
            >
              A#m
            </div>
            <div
              class="label"
            >
              Tempo
            </div>
            <div
              class="text"
            >
              140
            </div>
            <div
              class="label"
            >
              Lyrics
            </div>
            <div
              class="long-text"
            >
              <pre>
                Velit eiusmod sunt reprehenderit dolor esse non Lorem fugiat enim adipisicing minim laboris.
              </pre>
            </div>
          </div>
        </li>
        <li
          class="card"
          data-testid="song-list-card"
        >
          <div
            class="header"
          >
            Song
          </div>
          <div
            class="name"
          >
            Hand In Pocket
          </div>
          <div
            class="details"
          >
            <div
              class="label"
            >
              Artist
            </div>
            <div
              class="text"
            >
              Alanis Morisette
            </div>
            <div
              class="label"
            >
              Key
            </div>
            <div
              class="text"
            >
              Abm
            </div>
            <div
              class="label"
            >
              Tempo
            </div>
            <div
              class="text"
            >
              160
            </div>
            <div
              class="label"
            >
              Lyrics
            </div>
            <div
              class="long-text"
            >
              <pre>
                Nostrud elit sunt et aliquip duis.
              </pre>
            </div>
          </div>
        </li>
        <li
          class="card"
          data-testid="song-list-card"
        >
          <div
            class="header"
          >
            Song
          </div>
          <div
            class="name"
          >
            The Thrill Is Gone
          </div>
          <div
            class="details"
          >
            <div
              class="label"
            >
              Artist
            </div>
            <div
              class="text"
            >
              B.B. King
            </div>
            <div
              class="label"
            >
              Key
            </div>
            <div
              class="text"
            >
              B
            </div>
            <div
              class="label"
            >
              Tempo
            </div>
            <div
              class="text"
            >
              60
            </div>
            <div
              class="label"
            >
              Lyrics
            </div>
            <div
              class="long-text"
            >
              <pre>
                Dolore et consectetur excepteur et culpa ad excepteur.
              </pre>
            </div>
          </div>
        </li>
        <li
          class="card"
          data-testid="song-list-card"
        >
          <div
            class="header"
          >
            Song
          </div>
          <div
            class="name"
          >
            Help!
          </div>
          <div
            class="details"
          >
            <div
              class="label"
            >
              Artist
            </div>
            <div
              class="text"
            >
              Beatles
            </div>
            <div
              class="label"
            >
              Key
            </div>
            <div
              class="text"
            >
              Bb
            </div>
            <div
              class="label"
            >
              Tempo
            </div>
            <div
              class="text"
            >
              80
            </div>
            <div
              class="label"
            >
              Lyrics
            </div>
            <div
              class="long-text"
            >
              <pre>
                In culpa dolore adipisicing magna aliqua.
              </pre>
            </div>
          </div>
        </li>
        <li
          class="card"
          data-testid="song-list-card"
        >
          <div
            class="header"
          >
            Song
          </div>
          <div
            class="name"
          >
            How Deep Is Your Love
          </div>
          <div
            class="details"
          >
            <div
              class="label"
            >
              Artist
            </div>
            <div
              class="text"
            >
              Bee Gees
            </div>
            <div
              class="label"
            >
              Key
            </div>
            <div
              class="text"
            >
              Bm
            </div>
            <div
              class="label"
            >
              Tempo
            </div>
            <div
              class="text"
            >
              100
            </div>
            <div
              class="label"
            >
              Lyrics
            </div>
            <div
              class="long-text"
            >
              <pre>
                Labore irure esse fugiat et veniam ex minim velit.
              </pre>
            </div>
          </div>
        </li>
        <li
          class="card"
          data-testid="song-list-card"
        >
          <div
            class="header"
          >
            Song
          </div>
          <div
            class="name"
          >
            Knock On Wood
          </div>
          <div
            class="details"
          >
            <div
              class="label"
            >
              Artist
            </div>
            <div
              class="text"
            >
              Ben E. King
            </div>
            <div
              class="label"
            >
              Key
            </div>
            <div
              class="text"
            >
              Bbm
            </div>
            <div
              class="label"
            >
              Tempo
            </div>
            <div
              class="text"
            >
              120
            </div>
            <div
              class="label"
            >
              Lyrics
            </div>
            <div
              class="long-text"
            >
              <pre>
                Et duis nulla cillum id labore nostrud mollit enim qui ut elit.
              </pre>
            </div>
          </div>
        </li>
      </ul>
    </div>
  </div>
</DocumentFragment>
`;
