// Jest Snapshot v1, https://jestjs.io/docs/snapshot-testing

exports[`Component should match snapshot 1`] = `
<DocumentFragment>
  <div
    class="list-component"
    data-testid="song-list-component"
  >
    <div
      class="list-controls"
    >
      <button
        class="btn"
      >
        New
      </button>
      <div
        class="title"
      >
        Songs
      </div>
      <button
        class="btn"
      >
        Refresh
      </button>
    </div>
    <div
      class="song-list-container list-container"
    >
      <ul
        class="song-list card-list"
      >
        <li
          class="card wide"
          data-testid="song-list-card"
        >
          <div
            class="header"
          >
            Song
          </div>
          <div
            class="name"
          >
            Hold On I'm Coming
          </div>
          <div
            class="details"
          >
            <div
              class="label"
            >
              Artist
            </div>
            <div
              class="text"
            >
              Same & Dave
            </div>
            <div
              class="label"
            >
              Key
            </div>
            <div
              class="text"
            >
              C
            </div>
            <div
              class="label"
            >
              Tempo
            </div>
            <div
              class="text"
            >
              120
            </div>
            <div
              class="label"
            >
              Lyrics
            </div>
            <div
              class="long-text"
            >
              <pre>
                O Solo Mio! The troubles I have seen
              </pre>
            </div>
          </div>
        </li>
        <li
          class="card wide"
          data-testid="song-list-card"
        >
          <div
            class="header"
          >
            Song
          </div>
          <div
            class="name"
          >
            Walk This Way
          </div>
          <div
            class="details"
          >
            <div
              class="label"
            >
              Artist
            </div>
            <div
              class="text"
            >
              Aerosmith
            </div>
            <div
              class="label"
            >
              Key
            </div>
            <div
              class="text"
            >
              C
            </div>
            <div
              class="label"
            >
              Tempo
            </div>
            <div
              class="text"
            >
              120
            </div>
            <div
              class="label"
            >
              Lyrics
            </div>
            <div
              class="long-text"
            >
              <pre>
                O Solo Mio! The troubles I have seen
              </pre>
            </div>
          </div>
        </li>
        <li
          class="card wide"
          data-testid="song-list-card"
        >
          <div
            class="header"
          >
            Song
          </div>
          <div
            class="name"
          >
            Kiss
          </div>
          <div
            class="details"
          >
            <div
              class="label"
            >
              Artist
            </div>
            <div
              class="text"
            >
              Prince
            </div>
            <div
              class="label"
            >
              Key
            </div>
            <div
              class="text"
            >
              C
            </div>
            <div
              class="label"
            >
              Tempo
            </div>
            <div
              class="text"
            >
              120
            </div>
            <div
              class="label"
            >
              Lyrics
            </div>
            <div
              class="long-text"
            >
              <pre>
                O Solo Mio! The troubles I have seen
              </pre>
            </div>
          </div>
        </li>
        <li
          class="card wide"
          data-testid="song-list-card"
        >
          <div
            class="header"
          >
            Song
          </div>
          <div
            class="name"
          >
            Cake By The Ocean
          </div>
          <div
            class="details"
          >
            <div
              class="label"
            >
              Artist
            </div>
            <div
              class="text"
            >
              DNCE
            </div>
            <div
              class="label"
            >
              Key
            </div>
            <div
              class="text"
            >
              C
            </div>
            <div
              class="label"
            >
              Tempo
            </div>
            <div
              class="text"
            >
              120
            </div>
            <div
              class="label"
            >
              Lyrics
            </div>
            <div
              class="long-text"
            >
              <pre>
                O Solo Mio! The troubles I have seen
              </pre>
            </div>
          </div>
        </li>
        <li
          class="card wide"
          data-testid="song-list-card"
        >
          <div
            class="header"
          >
            Song
          </div>
          <div
            class="name"
          >
            Espresso
          </div>
          <div
            class="details"
          >
            <div
              class="label"
            >
              Artist
            </div>
            <div
              class="text"
            >
              Sabrina Carpenter
            </div>
            <div
              class="label"
            >
              Key
            </div>
            <div
              class="text"
            >
              C
            </div>
            <div
              class="label"
            >
              Tempo
            </div>
            <div
              class="text"
            >
              120
            </div>
            <div
              class="label"
            >
              Lyrics
            </div>
            <div
              class="long-text"
            >
              <pre>
                O Solo Mio! The troubles I have seen
              </pre>
            </div>
          </div>
        </li>
        <li
          class="card wide"
          data-testid="song-list-card"
        >
          <div
            class="header"
          >
            Song
          </div>
          <div
            class="name"
          >
            Enter Sandman
          </div>
          <div
            class="details"
          >
            <div
              class="label"
            >
              Artist
            </div>
            <div
              class="text"
            >
              Metallica
            </div>
            <div
              class="label"
            >
              Key
            </div>
            <div
              class="text"
            >
              C
            </div>
            <div
              class="label"
            >
              Tempo
            </div>
            <div
              class="text"
            >
              120
            </div>
            <div
              class="label"
            >
              Lyrics
            </div>
            <div
              class="long-text"
            >
              <pre>
                O Solo Mio! The troubles I have seen
              </pre>
            </div>
          </div>
        </li>
        <li
          class="card wide"
          data-testid="song-list-card"
        >
          <div
            class="header"
          >
            Song
          </div>
          <div
            class="name"
          >
            Stand By Me
          </div>
          <div
            class="details"
          >
            <div
              class="label"
            >
              Artist
            </div>
            <div
              class="text"
            >
              Ben E. King
            </div>
            <div
              class="label"
            >
              Key
            </div>
            <div
              class="text"
            >
              C
            </div>
            <div
              class="label"
            >
              Tempo
            </div>
            <div
              class="text"
            >
              120
            </div>
            <div
              class="label"
            >
              Lyrics
            </div>
            <div
              class="long-text"
            >
              <pre>
                O Solo Mio! The troubles I have seen
              </pre>
            </div>
          </div>
        </li>
        <li
          class="card wide"
          data-testid="song-list-card"
        >
          <div
            class="header"
          >
            Song
          </div>
          <div
            class="name"
          >
            Ain't Talkin' 'Bout Love
          </div>
          <div
            class="details"
          >
            <div
              class="label"
            >
              Artist
            </div>
            <div
              class="text"
            >
              Van Halen
            </div>
            <div
              class="label"
            >
              Key
            </div>
            <div
              class="text"
            >
              C
            </div>
            <div
              class="label"
            >
              Tempo
            </div>
            <div
              class="text"
            >
              120
            </div>
            <div
              class="label"
            >
              Lyrics
            </div>
            <div
              class="long-text"
            >
              <pre>
                O Solo Mio! The troubles I have seen
              </pre>
            </div>
          </div>
        </li>
        <li
          class="card wide"
          data-testid="song-list-card"
        >
          <div
            class="header"
          >
            Song
          </div>
          <div
            class="name"
          >
            Kashmir
          </div>
          <div
            class="details"
          >
            <div
              class="label"
            >
              Artist
            </div>
            <div
              class="text"
            >
              Led Zeppelin
            </div>
            <div
              class="label"
            >
              Key
            </div>
            <div
              class="text"
            >
              C
            </div>
            <div
              class="label"
            >
              Tempo
            </div>
            <div
              class="text"
            >
              120
            </div>
            <div
              class="label"
            >
              Lyrics
            </div>
            <div
              class="long-text"
            >
              <pre>
                O Solo Mio! The troubles I have seen
              </pre>
            </div>
          </div>
        </li>
        <li
          class="card wide"
          data-testid="song-list-card"
        >
          <div
            class="header"
          >
            Song
          </div>
          <div
            class="name"
          >
            War Pigs
          </div>
          <div
            class="details"
          >
            <div
              class="label"
            >
              Artist
            </div>
            <div
              class="text"
            >
              Black Sabbath
            </div>
            <div
              class="label"
            >
              Key
            </div>
            <div
              class="text"
            >
              C
            </div>
            <div
              class="label"
            >
              Tempo
            </div>
            <div
              class="text"
            >
              120
            </div>
            <div
              class="label"
            >
              Lyrics
            </div>
            <div
              class="long-text"
            >
              <pre>
                O Solo Mio! The troubles I have seen
              </pre>
            </div>
          </div>
        </li>
      </ul>
    </div>
  </div>
</DocumentFragment>
`;
