// Jest Snapshot v1, https://jestjs.io/docs/snapshot-testing

exports[`Component should match snapshot 1`] = `
<DocumentFragment>
  <li
    class="card"
    data-testid="song-list-card"
  >
    <div
      class="header"
    >
      Song
    </div>
    <div
      class="name"
    >
      Piano Man
    </div>
    <div
      class="details"
    >
      <div
        class="label"
      >
        Artist
      </div>
      <div
        class="text"
      />
      <div
        class="label"
      >
        Key
      </div>
      <div
        class="text"
      />
      <div
        class="label"
      >
        Tempo
      </div>
      <div
        class="text"
      />
      <div
        class="label"
      >
        Lyrics
      </div>
      <div
        class="long-text"
      >
        <pre />
      </div>
    </div>
  </li>
  <div
    data-testid="edit-song-modal"
  >
    Form Modal
  </div>
</DocumentFragment>
`;
